Archive member included to satisfy reference by file (symbol)

/usr/lib/gcc/arm-none-eabi/9.2.1/../../../arm-none-eabi/lib/thumb/v7e-m+fp/hard/libg.a(lib_a-atexit.o)
                              /usr/lib/gcc/arm-none-eabi/9.2.1/../../../arm-none-eabi/lib/thumb/v7e-m+fp/hard/crt0.o (atexit)
/usr/lib/gcc/arm-none-eabi/9.2.1/../../../arm-none-eabi/lib/thumb/v7e-m+fp/hard/libg.a(lib_a-exit.o)
                              /usr/lib/gcc/arm-none-eabi/9.2.1/../../../arm-none-eabi/lib/thumb/v7e-m+fp/hard/crt0.o (exit)
/usr/lib/gcc/arm-none-eabi/9.2.1/../../../arm-none-eabi/lib/thumb/v7e-m+fp/hard/libg.a(lib_a-fini.o)
                              /usr/lib/gcc/arm-none-eabi/9.2.1/../../../arm-none-eabi/lib/thumb/v7e-m+fp/hard/crt0.o (__libc_fini_array)
/usr/lib/gcc/arm-none-eabi/9.2.1/../../../arm-none-eabi/lib/thumb/v7e-m+fp/hard/libg.a(lib_a-impure.o)
                              /usr/lib/gcc/arm-none-eabi/9.2.1/../../../arm-none-eabi/lib/thumb/v7e-m+fp/hard/libg.a(lib_a-exit.o) (_global_impure_ptr)
/usr/lib/gcc/arm-none-eabi/9.2.1/../../../arm-none-eabi/lib/thumb/v7e-m+fp/hard/libg.a(lib_a-init.o)
                              /usr/lib/gcc/arm-none-eabi/9.2.1/../../../arm-none-eabi/lib/thumb/v7e-m+fp/hard/crt0.o (__libc_init_array)
/usr/lib/gcc/arm-none-eabi/9.2.1/../../../arm-none-eabi/lib/thumb/v7e-m+fp/hard/libg.a(lib_a-memset.o)
                              /usr/lib/gcc/arm-none-eabi/9.2.1/../../../arm-none-eabi/lib/thumb/v7e-m+fp/hard/crt0.o (memset)
/usr/lib/gcc/arm-none-eabi/9.2.1/../../../arm-none-eabi/lib/thumb/v7e-m+fp/hard/libg.a(lib_a-__atexit.o)
                              /usr/lib/gcc/arm-none-eabi/9.2.1/../../../arm-none-eabi/lib/thumb/v7e-m+fp/hard/libg.a(lib_a-atexit.o) (__register_exitproc)
/usr/lib/gcc/arm-none-eabi/9.2.1/../../../arm-none-eabi/lib/thumb/v7e-m+fp/hard/libg.a(lib_a-__call_atexit.o)
                              /usr/lib/gcc/arm-none-eabi/9.2.1/../../../arm-none-eabi/lib/thumb/v7e-m+fp/hard/libg.a(lib_a-exit.o) (__call_exitprocs)
/usr/lib/gcc/arm-none-eabi/9.2.1/../../../arm-none-eabi/lib/thumb/v7e-m+fp/hard/libnosys.a(_exit.o)
                              /usr/lib/gcc/arm-none-eabi/9.2.1/../../../arm-none-eabi/lib/thumb/v7e-m+fp/hard/libg.a(lib_a-exit.o) (_exit)

Memory Configuration

Name             Origin             Length             Attributes
MAIN_FLASH       0x0000000000000000 0x0000000000040000 xr
INFO_FLASH       0x0000000000200000 0x0000000000004000 xr
SRAM_CODE        0x0000000001000000 0x0000000000010000 xrw
SRAM_DATA        0x0000000020000000 0x0000000000010000 rw
*default*        0x0000000000000000 0xffffffffffffffff

Linker script and memory map

LOAD /usr/lib/gcc/arm-none-eabi/9.2.1/thumb/v7e-m+fp/hard/crti.o
LOAD /usr/lib/gcc/arm-none-eabi/9.2.1/thumb/v7e-m+fp/hard/crtbegin.o
LOAD /usr/lib/gcc/arm-none-eabi/9.2.1/../../../arm-none-eabi/lib/thumb/v7e-m+fp/hard/crt0.o
LOAD /tmp/ccvAFh0y.o
LOAD /tmp/cc1UEbKw.o
LOAD /tmp/cciy0zTx.o
LOAD /tmp/ccrcEljw.o
LOAD /tmp/ccLNYCgy.o
LOAD /tmp/ccLBOf5v.o
LOAD /tmp/ccMvO5jv.o
LOAD /tmp/ccgyPvNu.o
START GROUP
LOAD /usr/lib/gcc/arm-none-eabi/9.2.1/thumb/v7e-m+fp/hard/libgcc.a
LOAD /usr/lib/gcc/arm-none-eabi/9.2.1/../../../arm-none-eabi/lib/thumb/v7e-m+fp/hard/libg.a
LOAD /usr/lib/gcc/arm-none-eabi/9.2.1/../../../arm-none-eabi/lib/thumb/v7e-m+fp/hard/libc.a
END GROUP
START GROUP
LOAD /usr/lib/gcc/arm-none-eabi/9.2.1/thumb/v7e-m+fp/hard/libgcc.a
LOAD /usr/lib/gcc/arm-none-eabi/9.2.1/../../../arm-none-eabi/lib/thumb/v7e-m+fp/hard/libc.a
LOAD /usr/lib/gcc/arm-none-eabi/9.2.1/../../../arm-none-eabi/lib/thumb/v7e-m+fp/hard/libnosys.a
END GROUP
LOAD /usr/lib/gcc/arm-none-eabi/9.2.1/thumb/v7e-m+fp/hard/crtend.o
LOAD /usr/lib/gcc/arm-none-eabi/9.2.1/thumb/v7e-m+fp/hard/crtn.o
                0x0000000000000000                PROVIDE (_intvecs_base_address = DEFINED (_intvecs_base_address)?_intvecs_base_address:0x0)

.intvecs        0x0000000000000000      0x140
 *(.intvecs)
 .intvecs       0x0000000000000000      0x140 /tmp/ccMvO5jv.o
                0x0000000000000000                interruptVectors
                0x0000000000200000                PROVIDE (_mailbox_base_address = 0x200000)

.flashMailbox
 *(.flashMailbox)
                0x0000000000201000                PROVIDE (_tlv_base_address = 0x201000)

.tlvTable
 *(.tlvTable)
                0x0000000000202000                PROVIDE (_bsl_base_address = 0x202000)

.bslArea
 *(.bslArea)
                0x0000000020000000                PROVIDE (_vtable_base_address = DEFINED (_vtable_base_address)?_vtable_base_address:0x20000000)

.vtable
 *(.vtable)

.text           0x0000000000000140     0x1230
 CREATE_OBJECT_SYMBOLS
 *(.text)
 .text          0x0000000000000140        0x0 /usr/lib/gcc/arm-none-eabi/9.2.1/thumb/v7e-m+fp/hard/crti.o
 .text          0x0000000000000140       0x88 /usr/lib/gcc/arm-none-eabi/9.2.1/thumb/v7e-m+fp/hard/crtbegin.o
 .text          0x00000000000001c8       0x70 /usr/lib/gcc/arm-none-eabi/9.2.1/../../../arm-none-eabi/lib/thumb/v7e-m+fp/hard/crt0.o
                0x00000000000001c8                _stack_init
                0x00000000000001d0                _mainCRTStartup
                0x00000000000001d0                _start
 .text          0x0000000000000238      0x4ec /tmp/ccvAFh0y.o
                0x0000000000000238                test_data1
                0x0000000000000294                test_data2
                0x00000000000002f0                test_memmove1
                0x0000000000000384                test_memmove2
                0x0000000000000418                test_memmove3
                0x00000000000004ae                test_memcopy
                0x0000000000000542                test_memset
                0x00000000000005f6                test_reverse
                0x00000000000006a8                course1
 .text          0x0000000000000724        0xe /tmp/cc1UEbKw.o
                0x0000000000000724                main
 .text          0x0000000000000732      0x22a /tmp/cciy0zTx.o
                0x0000000000000732                is_contiguous
                0x000000000000077e                my_memmove
                0x00000000000007ee                my_memcopy
                0x0000000000000846                my_memset
                0x000000000000088a                my_memzero
                0x00000000000008ca                my_reverse
                0x0000000000000928                reserve_words
                0x0000000000000942                free_words
 .text          0x000000000000095c      0x300 /tmp/ccrcEljw.o
                0x000000000000095c                calc_median
                0x0000000000000986                calc_mean
                0x00000000000009d0                calc_max
                0x00000000000009f4                calc_min
                0x0000000000000a0e                binary_search
                0x0000000000000acc                sort_data
                0x0000000000000b7e                calc_statistics
                0x0000000000000bd8                print_statistics
                0x0000000000000c30                print_array
 .text          0x0000000000000c5c      0x104 /tmp/ccLNYCgy.o
                0x0000000000000c5c                place_values_of_integer
                0x0000000000000c9c                power
                0x0000000000000cdc                my_itoa
                0x0000000000000d44                my_atoi
 .text          0x0000000000000d60        0x0 /tmp/ccLBOf5v.o
 .text          0x0000000000000d60        0x0 /tmp/ccMvO5jv.o
 .text          0x0000000000000d60      0x388 /tmp/ccgyPvNu.o
                0x0000000000000d60                SystemCoreClockUpdate
                0x0000000000001068                SystemInit
 .text          0x00000000000010e8        0xc /usr/lib/gcc/arm-none-eabi/9.2.1/../../../arm-none-eabi/lib/thumb/v7e-m+fp/hard/libg.a(lib_a-atexit.o)
                0x00000000000010e8                atexit
 .text          0x00000000000010f4       0x20 /usr/lib/gcc/arm-none-eabi/9.2.1/../../../arm-none-eabi/lib/thumb/v7e-m+fp/hard/libg.a(lib_a-exit.o)
                0x00000000000010f4                exit
 .text          0x0000000000001114       0x34 /usr/lib/gcc/arm-none-eabi/9.2.1/../../../arm-none-eabi/lib/thumb/v7e-m+fp/hard/libg.a(lib_a-fini.o)
                0x0000000000001114                __libc_fini_array
 .text          0x0000000000001148        0x0 /usr/lib/gcc/arm-none-eabi/9.2.1/../../../arm-none-eabi/lib/thumb/v7e-m+fp/hard/libg.a(lib_a-impure.o)
 .text          0x0000000000001148       0x48 /usr/lib/gcc/arm-none-eabi/9.2.1/../../../arm-none-eabi/lib/thumb/v7e-m+fp/hard/libg.a(lib_a-init.o)
                0x0000000000001148                __libc_init_array
 .text          0x0000000000001190       0xa0 /usr/lib/gcc/arm-none-eabi/9.2.1/../../../arm-none-eabi/lib/thumb/v7e-m+fp/hard/libg.a(lib_a-memset.o)
                0x0000000000001190                memset
 .text          0x0000000000001230       0x68 /usr/lib/gcc/arm-none-eabi/9.2.1/../../../arm-none-eabi/lib/thumb/v7e-m+fp/hard/libg.a(lib_a-__atexit.o)
                0x0000000000001230                __register_exitproc
 .text          0x0000000000001298       0x9c /usr/lib/gcc/arm-none-eabi/9.2.1/../../../arm-none-eabi/lib/thumb/v7e-m+fp/hard/libg.a(lib_a-__call_atexit.o)
                0x0000000000001298                __call_exitprocs
 .text          0x0000000000001334        0x4 /usr/lib/gcc/arm-none-eabi/9.2.1/../../../arm-none-eabi/lib/thumb/v7e-m+fp/hard/libnosys.a(_exit.o)
                0x0000000000001334                _exit
 .text          0x0000000000001338        0x0 /usr/lib/gcc/arm-none-eabi/9.2.1/thumb/v7e-m+fp/hard/crtend.o
 .text          0x0000000000001338        0x0 /usr/lib/gcc/arm-none-eabi/9.2.1/thumb/v7e-m+fp/hard/crtn.o
 *(.text.*)
 .text.startup  0x0000000000001338       0x14 /usr/lib/gcc/arm-none-eabi/9.2.1/../../../arm-none-eabi/lib/thumb/v7e-m+fp/hard/libg.a(lib_a-__call_atexit.o)
                0x000000000000134c                . = ALIGN (0x4)
 *(.ctors)
                0x000000000000134c                . = ALIGN (0x4)
 *(.dtors)
                0x000000000000134c                . = ALIGN (0x4)
                0x000000000000134c                __init_array_start = .
 *(.init_array*)
 .init_array    0x000000000000134c        0x4 /usr/lib/gcc/arm-none-eabi/9.2.1/thumb/v7e-m+fp/hard/crtbegin.o
 .init_array.00000
                0x0000000000001350        0x4 /usr/lib/gcc/arm-none-eabi/9.2.1/../../../arm-none-eabi/lib/thumb/v7e-m+fp/hard/libg.a(lib_a-__call_atexit.o)
                0x0000000000001354                __init_array_end = .
 *(.init)
 .init          0x0000000000001354        0x4 /usr/lib/gcc/arm-none-eabi/9.2.1/thumb/v7e-m+fp/hard/crti.o
                0x0000000000001354                _init
 .init          0x0000000000001358        0x8 /usr/lib/gcc/arm-none-eabi/9.2.1/thumb/v7e-m+fp/hard/crtn.o
 *(.fini*)
 .fini          0x0000000000001360        0x4 /usr/lib/gcc/arm-none-eabi/9.2.1/thumb/v7e-m+fp/hard/crti.o
                0x0000000000001360                _fini
 .fini_array    0x0000000000001364        0x4 /usr/lib/gcc/arm-none-eabi/9.2.1/thumb/v7e-m+fp/hard/crtbegin.o
 .fini          0x0000000000001368        0x8 /usr/lib/gcc/arm-none-eabi/9.2.1/thumb/v7e-m+fp/hard/crtn.o

.glue_7         0x0000000000001370        0x0
 .glue_7        0x0000000000001370        0x0 linker stubs

.glue_7t        0x0000000000001370        0x0
 .glue_7t       0x0000000000001370        0x0 linker stubs

.vfp11_veneer   0x0000000000001370        0x0
 .vfp11_veneer  0x0000000000001370        0x0 linker stubs

.v4_bx          0x0000000000001370        0x0
 .v4_bx         0x0000000000001370        0x0 linker stubs

.iplt           0x0000000000001370        0x0
 .iplt          0x0000000000001370        0x0 /usr/lib/gcc/arm-none-eabi/9.2.1/thumb/v7e-m+fp/hard/crtbegin.o

.text:Reset_Handler
                0x0000000000001370       0x6c
 .text:Reset_Handler
                0x0000000000001370       0x6c /tmp/ccLBOf5v.o
                0x0000000000001370                Reset_Handler

.text:NMI_Handler
                0x00000000000013dc        0xe
 .text:NMI_Handler
                0x00000000000013dc        0xe /tmp/ccLBOf5v.o
                0x00000000000013dc                NMI_Handler

.text:HardFault_Handler
                0x00000000000013ea        0xe
 .text:HardFault_Handler
                0x00000000000013ea        0xe /tmp/ccLBOf5v.o
                0x00000000000013ea                HardFault_Handler

.text:Default_Handler
                0x00000000000013f8        0xe
 .text:Default_Handler
                0x00000000000013f8        0xe /tmp/ccLBOf5v.o
                0x00000000000013f8                CS_IRQHandler
                0x00000000000013f8                DebugMon_Handler
                0x00000000000013f8                AES256_IRQHandler
                0x00000000000013f8                SysTick_Handler
                0x00000000000013f8                PendSV_Handler
                0x00000000000013f8                RTC_C_IRQHandler
                0x00000000000013f8                PORT1_IRQHandler
                0x00000000000013f8                FPU_IRQHandler
                0x00000000000013f8                PORT2_IRQHandler
                0x00000000000013f8                TA3_0_IRQHandler
                0x00000000000013f8                UsageFault_Handler
                0x00000000000013f8                DMA_INT3_IRQHandler
                0x00000000000013f8                TA2_0_IRQHandler
                0x00000000000013f8                DMA_INT1_IRQHandler
                0x00000000000013f8                WDT_A_IRQHandler
                0x00000000000013f8                TA2_N_IRQHandler
                0x00000000000013f8                TA1_0_IRQHandler
                0x00000000000013f8                PSS_IRQHandler
                0x00000000000013f8                DMA_INT2_IRQHandler
                0x00000000000013f8                EUSCIA3_IRQHandler
                0x00000000000013f8                DMA_INT0_IRQHandler
                0x00000000000013f8                PORT4_IRQHandler
                0x00000000000013f8                PORT5_IRQHandler
                0x00000000000013f8                EUSCIB0_IRQHandler
                0x00000000000013f8                Default_Handler
                0x00000000000013f8                T32_INTC_IRQHandler
                0x00000000000013f8                TA3_N_IRQHandler
                0x00000000000013f8                TA0_0_IRQHandler
                0x00000000000013f8                EUSCIA2_IRQHandler
                0x00000000000013f8                PORT6_IRQHandler
                0x00000000000013f8                PORT3_IRQHandler
                0x00000000000013f8                MemManage_Handler
                0x00000000000013f8                SVC_Handler
                0x00000000000013f8                TA1_N_IRQHandler
                0x00000000000013f8                EUSCIA1_IRQHandler
                0x00000000000013f8                COMP_E1_IRQHandler
                0x00000000000013f8                EUSCIB2_IRQHandler
                0x00000000000013f8                FLCTL_IRQHandler
                0x00000000000013f8                EUSCIB3_IRQHandler
                0x00000000000013f8                T32_INT1_IRQHandler
                0x00000000000013f8                ADC14_IRQHandler
                0x00000000000013f8                DMA_ERR_IRQHandler
                0x00000000000013f8                EUSCIA0_IRQHandler
                0x00000000000013f8                BusFault_Handler
                0x00000000000013f8                PCM_IRQHandler
                0x00000000000013f8                TA0_N_IRQHandler
                0x00000000000013f8                COMP_E0_IRQHandler
                0x00000000000013f8                EUSCIB1_IRQHandler
                0x00000000000013f8                T32_INT2_IRQHandler

.rodata         0x0000000000001408       0x4c
 *(.rodata)
 .rodata        0x0000000000001408       0x20 /tmp/ccvAFh0y.o
 .rodata        0x0000000000001428       0x28 /tmp/ccrcEljw.o
 .rodata        0x0000000000001450        0x4 /usr/lib/gcc/arm-none-eabi/9.2.1/../../../arm-none-eabi/lib/thumb/v7e-m+fp/hard/libg.a(lib_a-impure.o)
                0x0000000000001450                _global_impure_ptr
 *(.rodata.*)

.eh_frame       0x0000000000001454        0x4
 .eh_frame      0x0000000000001454        0x0 /usr/lib/gcc/arm-none-eabi/9.2.1/thumb/v7e-m+fp/hard/crtbegin.o
 .eh_frame      0x0000000000001454        0x4 /usr/lib/gcc/arm-none-eabi/9.2.1/thumb/v7e-m+fp/hard/crtend.o

.ARM.exidx      0x0000000000001458        0x8
                0x0000000000001458                __exidx_start = .
 *(.ARM.exidx* .gnu.linkonce.armexidx.*)
 .ARM.exidx     0x0000000000001458        0x8 /usr/lib/gcc/arm-none-eabi/9.2.1/../../../arm-none-eabi/lib/thumb/v7e-m+fp/hard/crt0.o
                                         0x10 (size before relaxing)
                0x0000000000001460                __exidx_end = .

.ARM.extab      0x0000000000001460        0x0
 *(.ARM.extab* .gnu.linkonce.armextab.*)
 .ARM.extab     0x0000000000001460        0x0 /usr/lib/gcc/arm-none-eabi/9.2.1/../../../arm-none-eabi/lib/thumb/v7e-m+fp/hard/crt0.o
                0x0000000000001460                __etext = .

.rel.dyn        0x0000000000001460        0x0
 .rel.iplt      0x0000000000001460        0x0 /usr/lib/gcc/arm-none-eabi/9.2.1/thumb/v7e-m+fp/hard/crtbegin.o

.data           0x0000000020000000      0x448 load address 0x0000000000001460
                0x0000000000001460                __data_load__ = LOADADDR (.data)
                0x0000000020000000                __data_start__ = .
 *(.data)
 .data          0x0000000020000000        0x0 /usr/lib/gcc/arm-none-eabi/9.2.1/thumb/v7e-m+fp/hard/crti.o
 .data          0x0000000020000000        0x4 /usr/lib/gcc/arm-none-eabi/9.2.1/thumb/v7e-m+fp/hard/crtbegin.o
                0x0000000020000000                __dso_handle
 .data          0x0000000020000004        0x0 /usr/lib/gcc/arm-none-eabi/9.2.1/../../../arm-none-eabi/lib/thumb/v7e-m+fp/hard/crt0.o
 .data          0x0000000020000004        0x0 /tmp/ccvAFh0y.o
 .data          0x0000000020000004        0x0 /tmp/cc1UEbKw.o
 .data          0x0000000020000004        0x0 /tmp/cciy0zTx.o
 .data          0x0000000020000004        0x0 /tmp/ccrcEljw.o
 .data          0x0000000020000004       0x10 /tmp/ccLNYCgy.o
                0x0000000020000004                base_symbols
 .data          0x0000000020000014        0x0 /tmp/ccLBOf5v.o
 .data          0x0000000020000014        0x0 /tmp/ccMvO5jv.o
 .data          0x0000000020000014        0x4 /tmp/ccgyPvNu.o
                0x0000000020000014                SystemCoreClock
 .data          0x0000000020000018        0x0 /usr/lib/gcc/arm-none-eabi/9.2.1/../../../arm-none-eabi/lib/thumb/v7e-m+fp/hard/libg.a(lib_a-atexit.o)
 .data          0x0000000020000018        0x0 /usr/lib/gcc/arm-none-eabi/9.2.1/../../../arm-none-eabi/lib/thumb/v7e-m+fp/hard/libg.a(lib_a-exit.o)
 .data          0x0000000020000018        0x0 /usr/lib/gcc/arm-none-eabi/9.2.1/../../../arm-none-eabi/lib/thumb/v7e-m+fp/hard/libg.a(lib_a-fini.o)
 .data          0x0000000020000018      0x430 /usr/lib/gcc/arm-none-eabi/9.2.1/../../../arm-none-eabi/lib/thumb/v7e-m+fp/hard/libg.a(lib_a-impure.o)
                0x0000000020000018                _impure_ptr
 .data          0x0000000020000448        0x0 /usr/lib/gcc/arm-none-eabi/9.2.1/../../../arm-none-eabi/lib/thumb/v7e-m+fp/hard/libg.a(lib_a-init.o)
 .data          0x0000000020000448        0x0 /usr/lib/gcc/arm-none-eabi/9.2.1/../../../arm-none-eabi/lib/thumb/v7e-m+fp/hard/libg.a(lib_a-memset.o)
 .data          0x0000000020000448        0x0 /usr/lib/gcc/arm-none-eabi/9.2.1/../../../arm-none-eabi/lib/thumb/v7e-m+fp/hard/libg.a(lib_a-__atexit.o)
 .data          0x0000000020000448        0x0 /usr/lib/gcc/arm-none-eabi/9.2.1/../../../arm-none-eabi/lib/thumb/v7e-m+fp/hard/libg.a(lib_a-__call_atexit.o)
 .data          0x0000000020000448        0x0 /usr/lib/gcc/arm-none-eabi/9.2.1/../../../arm-none-eabi/lib/thumb/v7e-m+fp/hard/libnosys.a(_exit.o)
 .data          0x0000000020000448        0x0 /usr/lib/gcc/arm-none-eabi/9.2.1/thumb/v7e-m+fp/hard/crtend.o
 .data          0x0000000020000448        0x0 /usr/lib/gcc/arm-none-eabi/9.2.1/thumb/v7e-m+fp/hard/crtn.o
 *(.data*)
                0x0000000020000448                . = ALIGN (0x4)
                0x0000000020000448                __data_end__ = .

.tm_clone_table
                0x0000000020000448        0x0 load address 0x00000000000018a8
 .tm_clone_table
                0x0000000020000448        0x0 /usr/lib/gcc/arm-none-eabi/9.2.1/thumb/v7e-m+fp/hard/crtbegin.o
 .tm_clone_table
                0x0000000020000448        0x0 /usr/lib/gcc/arm-none-eabi/9.2.1/thumb/v7e-m+fp/hard/crtend.o

.igot.plt       0x0000000020000448        0x0 load address 0x00000000000018a8
 .igot.plt      0x0000000020000448        0x0 /usr/lib/gcc/arm-none-eabi/9.2.1/thumb/v7e-m+fp/hard/crtbegin.o

.bss            0x0000000020000448       0x1c
                0x0000000020000448                __bss_start__ = .
 *(.shbss)
 *(.bss)
 .bss           0x0000000020000448        0x0 /usr/lib/gcc/arm-none-eabi/9.2.1/thumb/v7e-m+fp/hard/crti.o
 .bss           0x0000000020000448       0x1c /usr/lib/gcc/arm-none-eabi/9.2.1/thumb/v7e-m+fp/hard/crtbegin.o
 .bss           0x0000000020000464        0x0 /usr/lib/gcc/arm-none-eabi/9.2.1/../../../arm-none-eabi/lib/thumb/v7e-m+fp/hard/crt0.o
 .bss           0x0000000020000464        0x0 /tmp/ccvAFh0y.o
 .bss           0x0000000020000464        0x0 /tmp/cc1UEbKw.o
 .bss           0x0000000020000464        0x0 /tmp/cciy0zTx.o
 .bss           0x0000000020000464        0x0 /tmp/ccrcEljw.o
 .bss           0x0000000020000464        0x0 /tmp/ccLNYCgy.o
 .bss           0x0000000020000464        0x0 /tmp/ccLBOf5v.o
 .bss           0x0000000020000464        0x0 /tmp/ccMvO5jv.o
 .bss           0x0000000020000464        0x0 /tmp/ccgyPvNu.o
 .bss           0x0000000020000464        0x0 /usr/lib/gcc/arm-none-eabi/9.2.1/../../../arm-none-eabi/lib/thumb/v7e-m+fp/hard/libg.a(lib_a-atexit.o)
 .bss           0x0000000020000464        0x0 /usr/lib/gcc/arm-none-eabi/9.2.1/../../../arm-none-eabi/lib/thumb/v7e-m+fp/hard/libg.a(lib_a-exit.o)
 .bss           0x0000000020000464        0x0 /usr/lib/gcc/arm-none-eabi/9.2.1/../../../arm-none-eabi/lib/thumb/v7e-m+fp/hard/libg.a(lib_a-fini.o)
 .bss           0x0000000020000464        0x0 /usr/lib/gcc/arm-none-eabi/9.2.1/../../../arm-none-eabi/lib/thumb/v7e-m+fp/hard/libg.a(lib_a-impure.o)
 .bss           0x0000000020000464        0x0 /usr/lib/gcc/arm-none-eabi/9.2.1/../../../arm-none-eabi/lib/thumb/v7e-m+fp/hard/libg.a(lib_a-init.o)
 .bss           0x0000000020000464        0x0 /usr/lib/gcc/arm-none-eabi/9.2.1/../../../arm-none-eabi/lib/thumb/v7e-m+fp/hard/libg.a(lib_a-memset.o)
 .bss           0x0000000020000464        0x0 /usr/lib/gcc/arm-none-eabi/9.2.1/../../../arm-none-eabi/lib/thumb/v7e-m+fp/hard/libg.a(lib_a-__atexit.o)
 .bss           0x0000000020000464        0x0 /usr/lib/gcc/arm-none-eabi/9.2.1/../../../arm-none-eabi/lib/thumb/v7e-m+fp/hard/libg.a(lib_a-__call_atexit.o)
 .bss           0x0000000020000464        0x0 /usr/lib/gcc/arm-none-eabi/9.2.1/../../../arm-none-eabi/lib/thumb/v7e-m+fp/hard/libnosys.a(_exit.o)
 .bss           0x0000000020000464        0x0 /usr/lib/gcc/arm-none-eabi/9.2.1/thumb/v7e-m+fp/hard/crtend.o
 .bss           0x0000000020000464        0x0 /usr/lib/gcc/arm-none-eabi/9.2.1/thumb/v7e-m+fp/hard/crtn.o
 *(.bss.*)
 *(COMMON)
                0x0000000020000464                . = ALIGN (0x4)
                0x0000000020000464                __bss_end__ = .

.heap           0x0000000020000464        0x0
                0x0000000020000464                __heap_start__ = .
                0x0000000020000464                end = __heap_start__
                0x0000000020000464                _end = end
                0x0000000020000464                __end = end
 *(.heap)
                0x0000000020000464                __heap_end__ = .
                0x0000000020000464                __HeapLimit = __heap_end__

.stack          0x0000000020000468        0x0
                0x0000000020000468                _stack = .
                0x0000000020000468                __stack = .
 *(.stack)
OUTPUT(statsmachine.out elf32-littlearm)
LOAD linker stubs

.ARM.attributes
                0x0000000000000000       0x30
 .ARM.attributes
                0x0000000000000000       0x1e /usr/lib/gcc/arm-none-eabi/9.2.1/thumb/v7e-m+fp/hard/crti.o
 .ARM.attributes
                0x000000000000001e       0x34 /usr/lib/gcc/arm-none-eabi/9.2.1/thumb/v7e-m+fp/hard/crtbegin.o
 .ARM.attributes
                0x0000000000000052       0x1c /usr/lib/gcc/arm-none-eabi/9.2.1/../../../arm-none-eabi/lib/thumb/v7e-m+fp/hard/crt0.o
 .ARM.attributes
                0x000000000000006e       0x34 /tmp/ccvAFh0y.o
 .ARM.attributes
                0x00000000000000a2       0x34 /tmp/cc1UEbKw.o
 .ARM.attributes
                0x00000000000000d6       0x34 /tmp/cciy0zTx.o
 .ARM.attributes
                0x000000000000010a       0x34 /tmp/ccrcEljw.o
 .ARM.attributes
                0x000000000000013e       0x34 /tmp/ccLNYCgy.o
 .ARM.attributes
                0x0000000000000172       0x34 /tmp/ccLBOf5v.o
 .ARM.attributes
                0x00000000000001a6       0x39 /tmp/ccMvO5jv.o
 .ARM.attributes
                0x00000000000001df       0x34 /tmp/ccgyPvNu.o
 .ARM.attributes
                0x0000000000000213       0x34 /usr/lib/gcc/arm-none-eabi/9.2.1/../../../arm-none-eabi/lib/thumb/v7e-m+fp/hard/libg.a(lib_a-atexit.o)
 .ARM.attributes
                0x0000000000000247       0x34 /usr/lib/gcc/arm-none-eabi/9.2.1/../../../arm-none-eabi/lib/thumb/v7e-m+fp/hard/libg.a(lib_a-exit.o)
 .ARM.attributes
                0x000000000000027b       0x34 /usr/lib/gcc/arm-none-eabi/9.2.1/../../../arm-none-eabi/lib/thumb/v7e-m+fp/hard/libg.a(lib_a-fini.o)
 .ARM.attributes
                0x00000000000002af       0x32 /usr/lib/gcc/arm-none-eabi/9.2.1/../../../arm-none-eabi/lib/thumb/v7e-m+fp/hard/libg.a(lib_a-impure.o)
 .ARM.attributes
                0x00000000000002e1       0x34 /usr/lib/gcc/arm-none-eabi/9.2.1/../../../arm-none-eabi/lib/thumb/v7e-m+fp/hard/libg.a(lib_a-init.o)
 .ARM.attributes
                0x0000000000000315       0x34 /usr/lib/gcc/arm-none-eabi/9.2.1/../../../arm-none-eabi/lib/thumb/v7e-m+fp/hard/libg.a(lib_a-memset.o)
 .ARM.attributes
                0x0000000000000349       0x34 /usr/lib/gcc/arm-none-eabi/9.2.1/../../../arm-none-eabi/lib/thumb/v7e-m+fp/hard/libg.a(lib_a-__atexit.o)
 .ARM.attributes
                0x000000000000037d       0x34 /usr/lib/gcc/arm-none-eabi/9.2.1/../../../arm-none-eabi/lib/thumb/v7e-m+fp/hard/libg.a(lib_a-__call_atexit.o)
 .ARM.attributes
                0x00000000000003b1       0x34 /usr/lib/gcc/arm-none-eabi/9.2.1/../../../arm-none-eabi/lib/thumb/v7e-m+fp/hard/libnosys.a(_exit.o)
 .ARM.attributes
                0x00000000000003e5       0x32 /usr/lib/gcc/arm-none-eabi/9.2.1/thumb/v7e-m+fp/hard/crtend.o
 .ARM.attributes
                0x0000000000000417       0x1e /usr/lib/gcc/arm-none-eabi/9.2.1/thumb/v7e-m+fp/hard/crtn.o

.comment        0x0000000000000000       0xa7
 .comment       0x0000000000000000       0x59 /usr/lib/gcc/arm-none-eabi/9.2.1/thumb/v7e-m+fp/hard/crtbegin.o
                                         0x5a (size before relaxing)
 .comment       0x0000000000000059       0x5a /tmp/ccvAFh0y.o
 .comment       0x0000000000000059       0x5a /tmp/cc1UEbKw.o
 .comment       0x0000000000000059       0x5a /tmp/cciy0zTx.o
 .comment       0x0000000000000059       0x5a /tmp/ccrcEljw.o
 .comment       0x0000000000000059       0x5a /tmp/ccLNYCgy.o
 .comment       0x0000000000000059       0x5a /tmp/ccLBOf5v.o
 .comment       0x0000000000000059       0x5a /tmp/ccMvO5jv.o
 .comment       0x0000000000000059       0x5a /tmp/ccgyPvNu.o
 .comment       0x0000000000000059       0x4e /usr/lib/gcc/arm-none-eabi/9.2.1/../../../arm-none-eabi/lib/thumb/v7e-m+fp/hard/libg.a(lib_a-atexit.o)
                                         0x4f (size before relaxing)
 .comment       0x00000000000000a7       0x4f /usr/lib/gcc/arm-none-eabi/9.2.1/../../../arm-none-eabi/lib/thumb/v7e-m+fp/hard/libg.a(lib_a-exit.o)
 .comment       0x00000000000000a7       0x4f /usr/lib/gcc/arm-none-eabi/9.2.1/../../../arm-none-eabi/lib/thumb/v7e-m+fp/hard/libg.a(lib_a-fini.o)
 .comment       0x00000000000000a7       0x4f /usr/lib/gcc/arm-none-eabi/9.2.1/../../../arm-none-eabi/lib/thumb/v7e-m+fp/hard/libg.a(lib_a-impure.o)
 .comment       0x00000000000000a7       0x4f /usr/lib/gcc/arm-none-eabi/9.2.1/../../../arm-none-eabi/lib/thumb/v7e-m+fp/hard/libg.a(lib_a-init.o)
 .comment       0x00000000000000a7       0x4f /usr/lib/gcc/arm-none-eabi/9.2.1/../../../arm-none-eabi/lib/thumb/v7e-m+fp/hard/libg.a(lib_a-memset.o)
 .comment       0x00000000000000a7       0x4f /usr/lib/gcc/arm-none-eabi/9.2.1/../../../arm-none-eabi/lib/thumb/v7e-m+fp/hard/libg.a(lib_a-__atexit.o)
 .comment       0x00000000000000a7       0x4f /usr/lib/gcc/arm-none-eabi/9.2.1/../../../arm-none-eabi/lib/thumb/v7e-m+fp/hard/libg.a(lib_a-__call_atexit.o)
 .comment       0x00000000000000a7       0x4f /usr/lib/gcc/arm-none-eabi/9.2.1/../../../arm-none-eabi/lib/thumb/v7e-m+fp/hard/libnosys.a(_exit.o)
 .comment       0x00000000000000a7       0x5a /usr/lib/gcc/arm-none-eabi/9.2.1/thumb/v7e-m+fp/hard/crtend.o

.debug_line     0x0000000000000000     0x1a3a
 .debug_line    0x0000000000000000       0x87 /usr/lib/gcc/arm-none-eabi/9.2.1/../../../arm-none-eabi/lib/thumb/v7e-m+fp/hard/crt0.o
 .debug_line    0x0000000000000087      0x37b /tmp/ccvAFh0y.o
 .debug_line    0x0000000000000402       0x45 /tmp/cc1UEbKw.o
 .debug_line    0x0000000000000447      0x239 /tmp/cciy0zTx.o
 .debug_line    0x0000000000000680      0x258 /tmp/ccrcEljw.o
 .debug_line    0x00000000000008d8       0xe9 /tmp/ccLNYCgy.o
 .debug_line    0x00000000000009c1       0xfa /tmp/ccLBOf5v.o
 .debug_line    0x0000000000000abb       0x73 /tmp/ccMvO5jv.o
 .debug_line    0x0000000000000b2e      0x291 /tmp/ccgyPvNu.o
 .debug_line    0x0000000000000dbf      0x14a /usr/lib/gcc/arm-none-eabi/9.2.1/../../../arm-none-eabi/lib/thumb/v7e-m+fp/hard/libg.a(lib_a-atexit.o)
 .debug_line    0x0000000000000f09      0x178 /usr/lib/gcc/arm-none-eabi/9.2.1/../../../arm-none-eabi/lib/thumb/v7e-m+fp/hard/libg.a(lib_a-exit.o)
 .debug_line    0x0000000000001081       0xd7 /usr/lib/gcc/arm-none-eabi/9.2.1/../../../arm-none-eabi/lib/thumb/v7e-m+fp/hard/libg.a(lib_a-fini.o)
 .debug_line    0x0000000000001158       0xe3 /usr/lib/gcc/arm-none-eabi/9.2.1/../../../arm-none-eabi/lib/thumb/v7e-m+fp/hard/libg.a(lib_a-impure.o)
 .debug_line    0x000000000000123b      0x10d /usr/lib/gcc/arm-none-eabi/9.2.1/../../../arm-none-eabi/lib/thumb/v7e-m+fp/hard/libg.a(lib_a-init.o)
 .debug_line    0x0000000000001348      0x26b /usr/lib/gcc/arm-none-eabi/9.2.1/../../../arm-none-eabi/lib/thumb/v7e-m+fp/hard/libg.a(lib_a-memset.o)
 .debug_line    0x00000000000015b3      0x1e1 /usr/lib/gcc/arm-none-eabi/9.2.1/../../../arm-none-eabi/lib/thumb/v7e-m+fp/hard/libg.a(lib_a-__atexit.o)
 .debug_line    0x0000000000001794      0x238 /usr/lib/gcc/arm-none-eabi/9.2.1/../../../arm-none-eabi/lib/thumb/v7e-m+fp/hard/libg.a(lib_a-__call_atexit.o)
 .debug_line    0x00000000000019cc       0x6e /usr/lib/gcc/arm-none-eabi/9.2.1/../../../arm-none-eabi/lib/thumb/v7e-m+fp/hard/libnosys.a(_exit.o)

.debug_info     0x0000000000000000     0x6106
 .debug_info    0x0000000000000000       0x26 /usr/lib/gcc/arm-none-eabi/9.2.1/../../../arm-none-eabi/lib/thumb/v7e-m+fp/hard/crt0.o
 .debug_info    0x0000000000000026      0x41e /tmp/ccvAFh0y.o
 .debug_info    0x0000000000000444       0x82 /tmp/cc1UEbKw.o
 .debug_info    0x00000000000004c6      0x395 /tmp/cciy0zTx.o
 .debug_info    0x000000000000085b      0x473 /tmp/ccrcEljw.o
 .debug_info    0x0000000000000cce      0x237 /tmp/ccLNYCgy.o
 .debug_info    0x0000000000000f05      0x10d /tmp/ccLBOf5v.o
 .debug_info    0x0000000000001012       0xa3 /tmp/ccMvO5jv.o
 .debug_info    0x00000000000010b5      0xdb7 /tmp/ccgyPvNu.o
 .debug_info    0x0000000000001e6c      0x995 /usr/lib/gcc/arm-none-eabi/9.2.1/../../../arm-none-eabi/lib/thumb/v7e-m+fp/hard/libg.a(lib_a-atexit.o)
 .debug_info    0x0000000000002801      0x9d0 /usr/lib/gcc/arm-none-eabi/9.2.1/../../../arm-none-eabi/lib/thumb/v7e-m+fp/hard/libg.a(lib_a-exit.o)
 .debug_info    0x00000000000031d1      0x102 /usr/lib/gcc/arm-none-eabi/9.2.1/../../../arm-none-eabi/lib/thumb/v7e-m+fp/hard/libg.a(lib_a-fini.o)
 .debug_info    0x00000000000032d3      0x92a /usr/lib/gcc/arm-none-eabi/9.2.1/../../../arm-none-eabi/lib/thumb/v7e-m+fp/hard/libg.a(lib_a-impure.o)
 .debug_info    0x0000000000003bfd      0x11a /usr/lib/gcc/arm-none-eabi/9.2.1/../../../arm-none-eabi/lib/thumb/v7e-m+fp/hard/libg.a(lib_a-init.o)
 .debug_info    0x0000000000003d17      0xf21 /usr/lib/gcc/arm-none-eabi/9.2.1/../../../arm-none-eabi/lib/thumb/v7e-m+fp/hard/libg.a(lib_a-memset.o)
 .debug_info    0x0000000000004c38      0x9d5 /usr/lib/gcc/arm-none-eabi/9.2.1/../../../arm-none-eabi/lib/thumb/v7e-m+fp/hard/libg.a(lib_a-__atexit.o)
 .debug_info    0x000000000000560d      0xa56 /usr/lib/gcc/arm-none-eabi/9.2.1/../../../arm-none-eabi/lib/thumb/v7e-m+fp/hard/libg.a(lib_a-__call_atexit.o)
 .debug_info    0x0000000000006063       0xa3 /usr/lib/gcc/arm-none-eabi/9.2.1/../../../arm-none-eabi/lib/thumb/v7e-m+fp/hard/libnosys.a(_exit.o)

.debug_abbrev   0x0000000000000000     0x167d
 .debug_abbrev  0x0000000000000000       0x14 /usr/lib/gcc/arm-none-eabi/9.2.1/../../../arm-none-eabi/lib/thumb/v7e-m+fp/hard/crt0.o
 .debug_abbrev  0x0000000000000014      0x133 /tmp/ccvAFh0y.o
 .debug_abbrev  0x0000000000000147       0x44 /tmp/cc1UEbKw.o
 .debug_abbrev  0x000000000000018b      0x103 /tmp/cciy0zTx.o
 .debug_abbrev  0x000000000000028e      0x178 /tmp/ccrcEljw.o
 .debug_abbrev  0x0000000000000406      0x10c /tmp/ccLNYCgy.o
 .debug_abbrev  0x0000000000000512       0x9c /tmp/ccLBOf5v.o
 .debug_abbrev  0x00000000000005ae       0x71 /tmp/ccMvO5jv.o
 .debug_abbrev  0x000000000000061f      0x135 /tmp/ccgyPvNu.o
 .debug_abbrev  0x0000000000000754      0x232 /usr/lib/gcc/arm-none-eabi/9.2.1/../../../arm-none-eabi/lib/thumb/v7e-m+fp/hard/libg.a(lib_a-atexit.o)
 .debug_abbrev  0x0000000000000986      0x21f /usr/lib/gcc/arm-none-eabi/9.2.1/../../../arm-none-eabi/lib/thumb/v7e-m+fp/hard/libg.a(lib_a-exit.o)
 .debug_abbrev  0x0000000000000ba5       0xcf /usr/lib/gcc/arm-none-eabi/9.2.1/../../../arm-none-eabi/lib/thumb/v7e-m+fp/hard/libg.a(lib_a-fini.o)
 .debug_abbrev  0x0000000000000c74      0x1b8 /usr/lib/gcc/arm-none-eabi/9.2.1/../../../arm-none-eabi/lib/thumb/v7e-m+fp/hard/libg.a(lib_a-impure.o)
 .debug_abbrev  0x0000000000000e2c       0xcc /usr/lib/gcc/arm-none-eabi/9.2.1/../../../arm-none-eabi/lib/thumb/v7e-m+fp/hard/libg.a(lib_a-init.o)
 .debug_abbrev  0x0000000000000ef8      0x217 /usr/lib/gcc/arm-none-eabi/9.2.1/../../../arm-none-eabi/lib/thumb/v7e-m+fp/hard/libg.a(lib_a-memset.o)
 .debug_abbrev  0x000000000000110f      0x252 /usr/lib/gcc/arm-none-eabi/9.2.1/../../../arm-none-eabi/lib/thumb/v7e-m+fp/hard/libg.a(lib_a-__atexit.o)
 .debug_abbrev  0x0000000000001361      0x2b2 /usr/lib/gcc/arm-none-eabi/9.2.1/../../../arm-none-eabi/lib/thumb/v7e-m+fp/hard/libg.a(lib_a-__call_atexit.o)
 .debug_abbrev  0x0000000000001613       0x6a /usr/lib/gcc/arm-none-eabi/9.2.1/../../../arm-none-eabi/lib/thumb/v7e-m+fp/hard/libnosys.a(_exit.o)

.debug_aranges  0x0000000000000000      0x250
 .debug_aranges
                0x0000000000000000       0x20 /usr/lib/gcc/arm-none-eabi/9.2.1/../../../arm-none-eabi/lib/thumb/v7e-m+fp/hard/crt0.o
 .debug_aranges
                0x0000000000000020       0x20 /tmp/ccvAFh0y.o
 .debug_aranges
                0x0000000000000040       0x20 /tmp/cc1UEbKw.o
 .debug_aranges
                0x0000000000000060       0x20 /tmp/cciy0zTx.o
 .debug_aranges
                0x0000000000000080       0x20 /tmp/ccrcEljw.o
 .debug_aranges
                0x00000000000000a0       0x20 /tmp/ccLNYCgy.o
 .debug_aranges
                0x00000000000000c0       0x38 /tmp/ccLBOf5v.o
 .debug_aranges
                0x00000000000000f8       0x18 /tmp/ccMvO5jv.o
 .debug_aranges
                0x0000000000000110       0x20 /tmp/ccgyPvNu.o
 .debug_aranges
                0x0000000000000130       0x20 /usr/lib/gcc/arm-none-eabi/9.2.1/../../../arm-none-eabi/lib/thumb/v7e-m+fp/hard/libg.a(lib_a-atexit.o)
 .debug_aranges
                0x0000000000000150       0x20 /usr/lib/gcc/arm-none-eabi/9.2.1/../../../arm-none-eabi/lib/thumb/v7e-m+fp/hard/libg.a(lib_a-exit.o)
 .debug_aranges
                0x0000000000000170       0x20 /usr/lib/gcc/arm-none-eabi/9.2.1/../../../arm-none-eabi/lib/thumb/v7e-m+fp/hard/libg.a(lib_a-fini.o)
 .debug_aranges
                0x0000000000000190       0x18 /usr/lib/gcc/arm-none-eabi/9.2.1/../../../arm-none-eabi/lib/thumb/v7e-m+fp/hard/libg.a(lib_a-impure.o)
 .debug_aranges
                0x00000000000001a8       0x20 /usr/lib/gcc/arm-none-eabi/9.2.1/../../../arm-none-eabi/lib/thumb/v7e-m+fp/hard/libg.a(lib_a-init.o)
 .debug_aranges
                0x00000000000001c8       0x20 /usr/lib/gcc/arm-none-eabi/9.2.1/../../../arm-none-eabi/lib/thumb/v7e-m+fp/hard/libg.a(lib_a-memset.o)
 .debug_aranges
                0x00000000000001e8       0x20 /usr/lib/gcc/arm-none-eabi/9.2.1/../../../arm-none-eabi/lib/thumb/v7e-m+fp/hard/libg.a(lib_a-__atexit.o)
 .debug_aranges
                0x0000000000000208       0x28 /usr/lib/gcc/arm-none-eabi/9.2.1/../../../arm-none-eabi/lib/thumb/v7e-m+fp/hard/libg.a(lib_a-__call_atexit.o)
 .debug_aranges
                0x0000000000000230       0x20 /usr/lib/gcc/arm-none-eabi/9.2.1/../../../arm-none-eabi/lib/thumb/v7e-m+fp/hard/libnosys.a(_exit.o)

.debug_str      0x0000000000000000     0x1a97
 .debug_str     0x0000000000000000       0x98 /usr/lib/gcc/arm-none-eabi/9.2.1/../../../arm-none-eabi/lib/thumb/v7e-m+fp/hard/crt0.o
 .debug_str     0x0000000000000098      0x1d1 /tmp/ccvAFh0y.o
                                        0x226 (size before relaxing)
 .debug_str     0x0000000000000269       0x10 /tmp/cc1UEbKw.o
                                        0x152 (size before relaxing)
 .debug_str     0x0000000000000279       0xae /tmp/cciy0zTx.o
                                        0x219 (size before relaxing)
 .debug_str     0x0000000000000327      0x114 /tmp/ccrcEljw.o
                                        0x2a8 (size before relaxing)
 .debug_str     0x000000000000043b       0x79 /tmp/ccLNYCgy.o
                                        0x1f6 (size before relaxing)
 .debug_str     0x00000000000004b4       0x9a /tmp/ccLBOf5v.o
                                        0x1e5 (size before relaxing)
 .debug_str     0x000000000000054e       0x2f /tmp/ccMvO5jv.o
                                        0x17a (size before relaxing)
 .debug_str     0x000000000000057d      0x8be /tmp/ccgyPvNu.o
                                        0xa50 (size before relaxing)
 .debug_str     0x0000000000000e3b      0x526 /usr/lib/gcc/arm-none-eabi/9.2.1/../../../arm-none-eabi/lib/thumb/v7e-m+fp/hard/libg.a(lib_a-atexit.o)
                                        0x5eb (size before relaxing)
 .debug_str     0x0000000000001361       0x74 /usr/lib/gcc/arm-none-eabi/9.2.1/../../../arm-none-eabi/lib/thumb/v7e-m+fp/hard/libg.a(lib_a-exit.o)
                                        0x5ec (size before relaxing)
 .debug_str     0x00000000000013d5       0xc1 /usr/lib/gcc/arm-none-eabi/9.2.1/../../../arm-none-eabi/lib/thumb/v7e-m+fp/hard/libg.a(lib_a-fini.o)
                                        0x1fa (size before relaxing)
 .debug_str     0x0000000000001496       0x9b /usr/lib/gcc/arm-none-eabi/9.2.1/../../../arm-none-eabi/lib/thumb/v7e-m+fp/hard/libg.a(lib_a-impure.o)
                                        0x5a0 (size before relaxing)
 .debug_str     0x0000000000001531       0x96 /usr/lib/gcc/arm-none-eabi/9.2.1/../../../arm-none-eabi/lib/thumb/v7e-m+fp/hard/libg.a(lib_a-init.o)
                                        0x224 (size before relaxing)
 .debug_str     0x00000000000015c7      0x310 /usr/lib/gcc/arm-none-eabi/9.2.1/../../../arm-none-eabi/lib/thumb/v7e-m+fp/hard/libg.a(lib_a-memset.o)
                                        0x8cd (size before relaxing)
 .debug_str     0x00000000000018d7       0x54 /usr/lib/gcc/arm-none-eabi/9.2.1/../../../arm-none-eabi/lib/thumb/v7e-m+fp/hard/libg.a(lib_a-__atexit.o)
                                        0x609 (size before relaxing)
 .debug_str     0x000000000000192b       0x63 /usr/lib/gcc/arm-none-eabi/9.2.1/../../../arm-none-eabi/lib/thumb/v7e-m+fp/hard/libg.a(lib_a-__call_atexit.o)
                                        0x61c (size before relaxing)
 .debug_str     0x000000000000198e      0x109 /usr/lib/gcc/arm-none-eabi/9.2.1/../../../arm-none-eabi/lib/thumb/v7e-m+fp/hard/libnosys.a(_exit.o)
                                        0x19f (size before relaxing)

.debug_frame    0x0000000000000000      0x76c
 .debug_frame   0x0000000000000000      0x158 /tmp/ccvAFh0y.o
 .debug_frame   0x0000000000000158       0x2c /tmp/cc1UEbKw.o
 .debug_frame   0x0000000000000184      0x14c /tmp/cciy0zTx.o
 .debug_frame   0x00000000000002d0      0x16c /tmp/ccrcEljw.o
 .debug_frame   0x000000000000043c       0xb0 /tmp/ccLNYCgy.o
 .debug_frame   0x00000000000004ec       0xa0 /tmp/ccLBOf5v.o
 .debug_frame   0x000000000000058c       0x58 /tmp/ccgyPvNu.o
 .debug_frame   0x00000000000005e4       0x20 /usr/lib/gcc/arm-none-eabi/9.2.1/../../../arm-none-eabi/lib/thumb/v7e-m+fp/hard/libg.a(lib_a-atexit.o)
 .debug_frame   0x0000000000000604       0x28 /usr/lib/gcc/arm-none-eabi/9.2.1/../../../arm-none-eabi/lib/thumb/v7e-m+fp/hard/libg.a(lib_a-exit.o)
 .debug_frame   0x000000000000062c       0x34 /usr/lib/gcc/arm-none-eabi/9.2.1/../../../arm-none-eabi/lib/thumb/v7e-m+fp/hard/libg.a(lib_a-fini.o)
 .debug_frame   0x0000000000000660       0x2c /usr/lib/gcc/arm-none-eabi/9.2.1/../../../arm-none-eabi/lib/thumb/v7e-m+fp/hard/libg.a(lib_a-init.o)
 .debug_frame   0x000000000000068c       0x38 /usr/lib/gcc/arm-none-eabi/9.2.1/../../../arm-none-eabi/lib/thumb/v7e-m+fp/hard/libg.a(lib_a-memset.o)
 .debug_frame   0x00000000000006c4       0x38 /usr/lib/gcc/arm-none-eabi/9.2.1/../../../arm-none-eabi/lib/thumb/v7e-m+fp/hard/libg.a(lib_a-__atexit.o)
 .debug_frame   0x00000000000006fc       0x50 /usr/lib/gcc/arm-none-eabi/9.2.1/../../../arm-none-eabi/lib/thumb/v7e-m+fp/hard/libg.a(lib_a-__call_atexit.o)
 .debug_frame   0x000000000000074c       0x20 /usr/lib/gcc/arm-none-eabi/9.2.1/../../../arm-none-eabi/lib/thumb/v7e-m+fp/hard/libnosys.a(_exit.o)

.debug_ranges   0x0000000000000000       0x60
 .debug_ranges  0x0000000000000000       0x28 /tmp/ccLBOf5v.o
 .debug_ranges  0x0000000000000028       0x38 /usr/lib/gcc/arm-none-eabi/9.2.1/../../../arm-none-eabi/lib/thumb/v7e-m+fp/hard/libg.a(lib_a-__call_atexit.o)

.debug_loc      0x0000000000000000      0x63e
 .debug_loc     0x0000000000000000       0x32 /usr/lib/gcc/arm-none-eabi/9.2.1/../../../arm-none-eabi/lib/thumb/v7e-m+fp/hard/libg.a(lib_a-atexit.o)
 .debug_loc     0x0000000000000032       0x22 /usr/lib/gcc/arm-none-eabi/9.2.1/../../../arm-none-eabi/lib/thumb/v7e-m+fp/hard/libg.a(lib_a-exit.o)
 .debug_loc     0x0000000000000054       0x68 /usr/lib/gcc/arm-none-eabi/9.2.1/../../../arm-none-eabi/lib/thumb/v7e-m+fp/hard/libg.a(lib_a-fini.o)
 .debug_loc     0x00000000000000bc       0xba /usr/lib/gcc/arm-none-eabi/9.2.1/../../../arm-none-eabi/lib/thumb/v7e-m+fp/hard/libg.a(lib_a-init.o)
 .debug_loc     0x0000000000000176      0x231 /usr/lib/gcc/arm-none-eabi/9.2.1/../../../arm-none-eabi/lib/thumb/v7e-m+fp/hard/libg.a(lib_a-memset.o)
 .debug_loc     0x00000000000003a7      0x138 /usr/lib/gcc/arm-none-eabi/9.2.1/../../../arm-none-eabi/lib/thumb/v7e-m+fp/hard/libg.a(lib_a-__atexit.o)
 .debug_loc     0x00000000000004df      0x14a /usr/lib/gcc/arm-none-eabi/9.2.1/../../../arm-none-eabi/lib/thumb/v7e-m+fp/hard/libg.a(lib_a-__call_atexit.o)
 .debug_loc     0x0000000000000629       0x15 /usr/lib/gcc/arm-none-eabi/9.2.1/../../../arm-none-eabi/lib/thumb/v7e-m+fp/hard/libnosys.a(_exit.o)
